python : C:\Users\Lab 2\AppData\Roaming\
Python\Python313\site-packages\django\db
\models\base.py:368: RuntimeWarning: 
Model 'marketplace.reviewreport' was 
already registered. Reloading models is 
not advised as it can lead to 
inconsistencies, most notably with 
related models.
At line:1 char:1
+ python manage.py test > 
test_output.txt 2>&1
+ ~~~~~~~~~~~~~~~~~~~~~~~~~~~~~~~~~~~~~~
~~~~~~
    + CategoryInfo          : 
NotSpecifi    ed: (C:\Users\Lab 
2\...related model    s.:String) [], 
RemoteException
    + FullyQualifiedErrorId : 
NativeComm    andError
 
  new_class._meta.apps.register_model(ne
w_class._meta.app_label, new_class)
C:\Users\Lab 2\AppData\Roaming\Python\Py
thon313\site-packages\django\db\models\b
ase.py:368: RuntimeWarning: Model 
'marketplace.conversation' was already 
registered. Reloading models is not 
advised as it can lead to 
inconsistencies, most notably with 
related models.
  new_class._meta.apps.register_model(ne
w_class._meta.app_label, new_class)
C:\Users\Lab 2\AppData\Roaming\Python\Py
thon313\site-packages\django\db\models\b
ase.py:368: RuntimeWarning: Model 
'marketplace.message' was already 
registered. Reloading models is not 
advised as it can lead to 
inconsistencies, most notably with 
related models.
  new_class._meta.apps.register_model(ne
w_class._meta.app_label, new_class)
Creating test database for alias 
'default'...

System check identified some issues:

WARNINGS:
?: 
settings.ACCOUNT_AUTHENTICATION_METHOD 
is deprecated, use: 
settings.ACCOUNT_LOGIN_METHODS = 
{'email'}
?: settings.ACCOUNT_EMAIL_REQUIRED is 
deprecated, use: 
settings.ACCOUNT_SIGNUP_FIELDS = 
['email*', 'password1*', 'password2*']
?: settings.ACCOUNT_USERNAME_REQUIRED 
is deprecated, use: 
settings.ACCOUNT_SIGNUP_FIELDS = 
['email*', 'password1*', 'password2*']

System check identified 3 issues (0 
silenced).
EF.EFF.
========================================
==============================
ERROR: test_booking_flow_authenticated (
marketplace.tests.MarketplaceE2ETests.te
st_booking_flow_authenticated)
----------------------------------------
------------------------------
Traceback (most recent call last):
  File "C:\Users\Lab 2\OneDrive - iitr.a
c.in\project_01\web_v1\marketplace\tests
.py", line 84, in 
test_booking_flow_authenticated
    self.assertRedirects(response, 
reverse('checkout', kwargs={'pk': 
booking.id}))
                                        
                             ^^^^^^^^^^
AttributeError: 'NoneType' object has 
no attribute 'id'

========================================
==============================
ERROR: test_host_dashboard_access (marke
tplace.tests.MarketplaceE2ETests.test_ho
st_dashboard_access)
----------------------------------------
------------------------------
Traceback (most recent call last):
  File "C:\Users\Lab 2\OneDrive - iitr.a
c.in\project_01\web_v1\marketplace\tests
.py", line 98, in 
test_host_dashboard_access
    response = self.client.get(reverse('
host_dashboard'))
  File "C:\Users\Lab 2\AppData\Roaming\P
ython\Python313\site-packages\django\tes
t\client.py", line 1124, in get
    response = super().get(
        path,
    ...<4 lines>...
        **extra,
    )
  File "C:\Users\Lab 2\AppData\Roaming\P
ython\Python313\site-packages\django\tes
t\client.py", line 475, in get
    return self.generic(
           ~~~~~~~~~~~~^
        "GET",
        ^^^^^^
    ...<4 lines>...
        **extra,
        ^^^^^^^^
    )
    ^
  File "C:\Users\Lab 2\AppData\Roaming\P
ython\Python313\site-packages\django\tes
t\client.py", line 671, in generic
    return self.request(**r)
           ~~~~~~~~~~~~^^^^^
  File "C:\Users\Lab 2\AppData\Roaming\P
ython\Python313\site-packages\django\tes
t\client.py", line 1087, in request
    self.check_exception(response)
    ~~~~~~~~~~~~~~~~~~~~^^^^^^^^^^
  File "C:\Users\Lab 2\AppData\Roaming\P
ython\Python313\site-packages\django\tes
t\client.py", line 802, in 
check_exception
    raise exc_value
  File "C:\Users\Lab 2\AppData\Roaming\P
ython\Python313\site-packages\django\cor
e\handlers\exception.py", line 55, in 
inner
    response = get_response(request)
  File "C:\Users\Lab 2\AppData\Roaming\P
ython\Python313\site-packages\django\cor
e\handlers\base.py", line 197, in 
_get_response
    response = 
wrapped_callback(request, 
*callback_args, **callback_kwargs)
  File "C:\Users\Lab 2\AppData\Roaming\P
ython\Python313\site-packages\django\con
trib\auth\decorators.py", line 59, in 
_view_wrapper
    return view_func(request, *args, 
**kwargs)
  File "C:\Users\Lab 2\OneDrive - iitr.a
c.in\project_01\web_v1\marketplace\views
.py", line 1010, in host_dashboard
    aggs = bookings.aggregate(
        confirmed=Count("id", 
filter=Q(status="Confirmed")),
    ...<2 lines>...
        upcoming=Count("id", 
filter=Q(status="Confirmed", 
check_in_date__gte=today)),
    )
  File "C:\Users\Lab 2\AppData\Roaming\P
ython\Python313\site-packages\django\db\
models\query.py", line 588, in aggregate
    return self.query.chain().get_aggreg
ation(self.db, kwargs)
           ~~~~~~~~~~~~~~~~~~~~~~~~~~~~~
~~~~~^^^^^^^^^^^^^^^^^
  File "C:\Users\Lab 2\AppData\Roaming\P
ython\Python313\site-packages\django\db\
models\sql\query.py", line 460, in 
get_aggregation
    aggregate = 
aggregate_expr.resolve_expression(
        self, allow_joins=True, 
reuse=None, summarize=True
    )
  File "C:\Users\Lab 2\AppData\Roaming\P
ython\Python313\site-packages\django\db\
models\aggregates.py", line 176, in 
resolve_expression
    result = 
super().resolve_expression(*args, 
**kwargs)
  File "C:\Users\Lab 2\AppData\Roaming\P
ython\Python313\site-packages\django\db\
models\aggregates.py", line 63, in 
resolve_expression
    c = 
super().resolve_expression(query, 
allow_joins, reuse, summarize)
  File "C:\Users\Lab 2\AppData\Roaming\P
ython\Python313\site-packages\django\db\
models\expressions.py", line 300, in 
resolve_expression
    expr.resolve_expression(query, 
allow_joins, reuse, summarize, for_save)
    ~~~~~~~~~~~~~~~~~~~~~~~^^^^^^^^^^^^^
^^^^^^^^^^^^^^^^^^^^^^^^^^^^^^^^^^^
  File "C:\Users\Lab 2\AppData\Roaming\P
ython\Python313\site-packages\django\db\
models\query_utils.py", line 91, in 
resolve_expression
    clause, joins = query._add_q(
                    ~~~~~~~~~~~~^
        self,
        ^^^^^
    ...<4 lines>...
        summarize=summarize,
        ^^^^^^^^^^^^^^^^^^^^
    )
    ^
  File "C:\Users\Lab 2\AppData\Roaming\P
ython\Python313\site-packages\django\db\
models\sql\query.py", line 1678, in 
_add_q
    child_clause, needed_inner = 
self.build_filter(
                                 
~~~~~~~~~~~~~~~~~^
        child,
        ^^^^^^
    ...<7 lines>...
        
update_join_types=update_join_types,
        
^^^^^^^^^^^^^^^^^^^^^^^^^^^^^^^^^^^^
    )
    ^
  File "C:\Users\Lab 2\AppData\Roaming\P
ython\Python313\site-packages\django\db\
models\sql\query.py", line 1526, in 
build_filter
    lookups, parts, reffed_expression = 
self.solve_lookup_type(arg, summarize)
                                        
~~~~~~~~~~~~~~~~~~~~~~^^^^^^^^^^^^^^^^
  File "C:\Users\Lab 2\AppData\Roaming\P
ython\Python313\site-packages\django\db\
models\sql\query.py", line 1333, in 
solve_lookup_type
    _, field, _, lookup_parts = 
self.names_to_path(lookup_splitted, 
self.get_meta())
                                ~~~~~~~~
~~~~~~~~~~^^^^^^^^^^^^^^^^^^^^^^^^^^^^^^
^^^^
  File "C:\Users\Lab 2\AppData\Roaming\P
ython\Python313\site-packages\django\db\
models\sql\query.py", line 1806, in 
names_to_path
    raise FieldError(
    ...<2 lines>...
    )
django.core.exceptions.FieldError: 
Cannot resolve keyword 'status' into 
field. Choices are: booking_status, 
check_in_date, check_out_date, 
commission, created_at, experience, 
experience_id, guests_count, host, 
host_id, host_payout, id, 
ledger_entries, message, payment, 
payout, platform_fee, review, 
total_paid, total_price, 
traveler_email, traveler_name, 
traveler_phone, updated_at, user, 
user_id

========================================
==============================
FAIL: test_booking_requires_auth (market
place.tests.MarketplaceE2ETests.test_boo
king_requires_auth)
----------------------------------------
------------------------------
Traceback (most recent call last):
  File "C:\Users\Lab 2\OneDrive - iitr.a
c.in\project_01\web_v1\marketplace\tests
.py", line 67, in 
test_booking_requires_auth
    self.assertRedirects(response, f"/?n
ext=/experiences/{self.experience.slug}/
", fetch_redirect_response=False)
    ~~~~~~~~~~~~~~~~~~~~^^^^^^^^^^^^^^^^
^^^^^^^^^^^^^^^^^^^^^^^^^^^^^^^^^^^^^^^^
^^^^^^^^^^^^^^^^^^^^^^^^^^^^^^^^^
AssertionError: 404 != 302 : Response 
didn't redirect as expected: Response 
code was 404 (expected 302)

========================================
==============================
FAIL: test_listing_detail (marketplace.t
ests.MarketplaceE2ETests.test_listing_de
tail)
----------------------------------------
------------------------------
Traceback (most recent call last):
  File "C:\Users\Lab 2\OneDrive - iitr.a
c.in\project_01\web_v1\marketplace\tests
.py", line 52, in test_listing_detail
    
self.assertEqual(response.status_code, 
200)
    ~~~~~~~~~~~~~~~~^^^^^^^^^^^^^^^^^^^^
^^^^^^^
AssertionError: 404 != 200

========================================
==============================
FAIL: test_listing_list_and_search (mark
etplace.tests.MarketplaceE2ETests.test_l
isting_list_and_search)
----------------------------------------
------------------------------
Traceback (most recent call last):
  File "C:\Users\Lab 2\OneDrive - iitr.a
c.in\project_01\web_v1\marketplace\tests
.py", line 39, in 
test_listing_list_and_search
    self.assertContains(response, 'Test 
Trek')
    ~~~~~~~~~~~~~~~~~~~^^^^^^^^^^^^^^^^^
^^^^^^
AssertionError: False is not true : 
Couldn't find 'Test Trek' in the 
following response
b'\n<!DOCTYPE html>\n<html 
lang="en">\n\n<head>\n    <meta 
charset="UTF-8" />\n    <meta 
name="viewport" 
content="width=device-width, 
initial-scale=1" />\n    
<title>Experiences - Safar</title>\n\n  
  <!-- SEO Essentials -->\n    <meta 
name="description"\n        
content="\nExplore our handpicked 
selection of top-rated local travel 
experiences, treks, and 
homestays.\nFilter by location, 
category, and price to find your 
perfect trip.\n" />\n    \n\n    <!-- 
Open Graph Default Tags -->\n    
\n<meta property="og:site_name" 
content="Safar" />\n<meta 
property="og:type" content="website" 
/>\n<meta property="og:title" 
content="Explore Experiences - Safar" 
/>\n<meta property="og:description"\n   
 content="Explore our handpicked 
selection of top-rated local travel 
experiences, treks, and homestays. 
Filter by location, category, and price 
to find your perfect trip." />\n<meta 
property="og:url" content="http://testse
rver/experiences/" />\n\n\n    <!-- 
Bootstrap CSS -->\n    <link href="https
://cdn.jsdelivr.net/npm/bootstrap@5.3.3/
dist/css/bootstrap.min.css" 
rel="stylesheet">\n    <!-- Bootstrap 
Icons -->\n    <link rel="stylesheet" hr
ef="https://cdn.jsdelivr.net/npm/bootstr
ap-icons@1.11.3/font/bootstrap-icons.min
.css">\n\n    <!-- Optional Google Font 
-->\n    <link rel="preconnect" 
href="https://fonts.googleapis.com">\n  
  <link rel="preconnect" 
href="https://fonts.gstatic.com" 
crossorigin>\n    <link href="https://fo
nts.googleapis.com/css2?family=Inter:wgh
t@400;500;600;700;800&display=swap" 
rel="stylesheet">\n\n    <style>\n      
  :root {\n            --primary-color: 
#2b6777;\n            --accent-color: 
#f2a900;\n            --dark-color: 
#1f2937;\n            --muted-color: 
#6b7280;\n            --light-bg: 
#f8fafc;\n            --card-radius: 
1rem;\n            --navbar-height: 
78px;\n        }\n\n        html,\n     
   body {\n            height: 100%;\n  
      }\n\n        body {\n            
font-family: \'Inter\', system-ui, 
-apple-system, Segoe UI, Roboto, Arial, 
sans-serif;\n            color: 
var(--dark-color);\n            
background: #ffffff;\n            
overflow-x: hidden;\n        }\n\n      
  a {\n            text-decoration: 
none;\n        }\n\n        
.text-accent {\n            color: 
var(--accent-color) !important;\n       
 }\n\n        .bg-accent {\n            
background-color: var(--accent-color) 
!important;\n        }\n\n        
.btn-accent {\n            
background-color: 
var(--accent-color);\n            
border-color: var(--accent-color);\n    
        color: #212529;\n            
font-weight: 700;\n            
transition: all 0.3s cubic-bezier(0.25, 
0.8, 0.25, 1);\n        }\n\n        
.btn-accent:hover,\n        
.btn-accent:focus {\n            
background-color: #de9b00;\n            
border-color: #de9b00;\n            
color: #212529;\n            transform: 
translateY(-2px);\n            
box-shadow: 0 6px 16px rgba(242, 169, 
0, 0.3);\n        }\n\n        
.btn-primary {\n            
background-color: 
var(--primary-color);\n            
border-color: var(--primary-color);\n   
         transition: all 0.3s 
cubic-bezier(0.25, 0.8, 0.25, 1);\n     
   }\n\n        .btn-primary:hover,\n   
     .btn-primary:focus {\n            
background-color: #245866;\n            
border-color: #245866;\n            
transform: translateY(-2px);\n          
  box-shadow: 0 6px 16px rgba(43, 103, 
119, 0.3);\n        }\n\n        /* 
---------- Navbar ---------- */\n       
 #mainNavbar {\n            min-height: 
var(--navbar-height);\n            
transition: all 0.25s ease;\n           
 z-index: 2000 !important;\n        
}\n\n        /* Home page initial state 
(transparent) */\n        body.is-home 
#mainNavbar.navbar-home-top {\n         
   background: transparent;\n           
 box-shadow: none;\n        }\n\n       
 body.is-home 
#mainNavbar.navbar-home-top 
.navbar-brand,\n        body.is-home 
#mainNavbar.navbar-home-top .nav-link 
{\n            color: #fff 
!important;\n        }\n\n        
body.is-home 
#mainNavbar.navbar-home-top .nav-link 
{\n            opacity: 0.92;\n        
}\n\n        body.is-home 
#mainNavbar.navbar-home-top 
.nav-link:hover {\n            opacity: 
1;\n        }\n\n        /* Fix active 
link on transparent navbar */\n        
body.is-home 
#mainNavbar.navbar-home-top 
.nav-link.active {\n            color: 
#fff !important;\n            opacity: 
1;\n            text-shadow: 0 1px 6px 
rgba(0, 0, 0, 0.15);\n        }\n\n     
   /* Better visibility for home top 
navbar buttons */\n        body.is-home 
#mainNavbar.navbar-home-top 
.btn-outline-secondary,\n        
body.is-home 
#mainNavbar.navbar-home-top 
.btn-outline-light {\n            
color: #fff !important;\n            
border-color: rgba(255, 255, 255, 0.55) 
!important;\n            background: 
rgba(255, 255, 255, 0.06);\n            
backdrop-filter: blur(6px);\n           
 -webkit-backdrop-filter: blur(6px);\n  
      }\n\n        body.is-home 
#mainNavbar.navbar-home-top 
.btn-outline-secondary:hover,\n        
body.is-home 
#mainNavbar.navbar-home-top 
.btn-outline-light:hover {\n            
background: rgba(255, 255, 255, 
0.16);\n            border-color: 
rgba(255, 255, 255, 0.8) !important;\n  
          color: #fff !important;\n     
   }\n\n        body.is-home 
#mainNavbar.navbar-home-top 
.navbar-toggler {\n            color: 
#fff;\n        }\n\n        
body.is-home 
#mainNavbar.navbar-home-top 
.dropdown-toggle {\n            color: 
#fff !important;\n            
border-color: rgba(255, 255, 255, 0.55) 
!important;\n            background: 
rgba(255, 255, 255, 0.06);\n            
backdrop-filter: blur(6px);\n           
 -webkit-backdrop-filter: blur(6px);\n  
      }\n\n        body.is-home 
#mainNavbar.navbar-home-top 
.dropdown-toggle:hover {\n            
background: rgba(255, 255, 255, 
0.16);\n        }\n\n        /* 
Scrolled or non-home solid state */\n   
     #mainNavbar.navbar-solid {\n       
     background: rgba(255, 255, 255, 
0.94);\n            backdrop-filter: 
blur(10px);\n            
-webkit-backdrop-filter: blur(10px);\n  
          box-shadow: 0 8px 24px 
rgba(0, 0, 0, 0.06);\n        }\n\n     
   #mainNavbar.navbar-solid 
.navbar-brand,\n        
#mainNavbar.navbar-solid .nav-link {\n  
          color: var(--dark-color) 
!important;\n        }\n\n        
#mainNavbar .navbar-brand {\n           
 font-weight: 800;\n            
letter-spacing: 0.2px;\n            
display: inline-flex;\n            
align-items: center;\n            gap: 
.5rem;\n        }\n\n        
#mainNavbar .brand-mark {\n            
width: 34px;\n            height: 
34px;\n            border-radius: 
999px;\n            display: 
inline-flex;\n            align-items: 
center;\n            justify-content: 
center;\n            background: 
linear-gradient(135deg, 
var(--primary-color), 
var(--accent-color));\n            
color: #fff;\n            font-weight: 
800;\n            box-shadow: 0 6px 
14px rgba(0, 0, 0, 0.15);\n            
flex-shrink: 0;\n        }\n\n        
#mainNavbar .nav-link {\n            
font-weight: 600;\n            margin: 
0 .1rem;\n            transition: color 
.2s ease, opacity .2s ease;\n        
}\n\n        #mainNavbar 
.nav-link.active {\n            color: 
var(--primary-color) !important;\n      
  }\n\n        #mainNavbar 
.navbar-toggler {\n            border: 
none;\n            box-shadow: none 
!important;\n            color: 
var(--dark-color);\n        }\n\n       
 /* Custom toggler icon for visibility 
*/\n        .navbar-toggler-custom {\n  
          width: 1.4rem;\n            
height: 1.4rem;\n            display: 
inline-block;\n            position: 
relative;\n            color: 
currentColor;\n        }\n\n        
.navbar-toggler-custom::before,\n       
 .navbar-toggler-custom::after,\n       
 .navbar-toggler-custom span {\n        
    content: "";\n            position: 
absolute;\n            left: 0;\n       
     right: 0;\n            height: 
2px;\n            border-radius: 2px;\n 
           background: currentColor;\n  
      }\n\n        
.navbar-toggler-custom::before {\n      
      top: 2px;\n        }\n\n        
.navbar-toggler-custom span {\n         
   top: 9px;\n        }\n\n        
.navbar-toggler-custom::after {\n       
     top: 16px;\n        }\n\n        
.navbar-cta {\n            
border-radius: 999px;\n            
padding: .55rem 1rem;\n            
font-weight: 700;\n        }\n\n        
/* Page offset for non-home pages */\n  
      body:not(.is-home) main.site-main 
{\n            padding-top: 
calc(var(--navbar-height) + 20px);\n    
    }\n\n        /* ---------- Layering 
/ z-index fixes for hero carousel 
---------- */\n        #heroCarousel,\n 
       #heroCarousel .carousel-inner,\n 
       #heroCarousel .carousel-item,\n  
      #heroCarousel .hero-slide {\n     
       position: relative;\n            
z-index: 1;\n        }\n\n        
#heroCarousel .carousel-indicators,\n   
     #heroCarousel 
.carousel-control-prev,\n        
#heroCarousel .carousel-control-next 
{\n            z-index: 2;\n        
}\n\n        /* ---------- Home hero 
spacing + vertical centering fix 
---------- */\n        body.is-home 
.hero-slide {\n            min-height: 
86vh;\n            padding-top: 
calc(var(--navbar-height) + 24px);\n    
    }\n\n        body.is-home 
.hero-slide>.container {\n            
min-height: calc(86vh - 
(var(--navbar-height) + 24px));\n       
     display: flex;\n            
align-items: center;\n        }\n\n     
   /* ---------- Cards ---------- */\n  
      .experience-card {\n            
border-radius: var(--card-radius);\n    
        overflow: hidden;\n            
transition: all 0.3s cubic-bezier(0.25, 
0.8, 0.25, 1);\n            border: 1px 
solid rgba(0, 0, 0, 0.04);\n            
background: #fff;\n        }\n\n        
.experience-card:hover {\n            
transform: translateY(-6px);\n          
  box-shadow: 0 12px 24px rgba(0, 0, 0, 
0.12);\n            border-color: 
rgba(0, 0, 0, 0.08);\n        }\n\n     
   .experience-card img {\n            
width: 100%;\n            height: 
220px;\n            object-fit: 
cover;\n            display: block;\n   
         transition: transform 0.5s 
ease;\n        }\n\n        
.experience-card:hover img {\n          
  transform: scale(1.04);\n        
}\n\n        .price-badge {\n           
 font-weight: 700;\n            color: 
var(--accent-color);\n        }\n\n     
   /* ---------- Hero helper ---------- 
*/\n        .hero {\n            
min-height: 75vh;\n            display: 
flex;\n            align-items: 
center;\n        }\n\n        /* 
---------- Subtle animations ---------- 
*/\n        .slide-up {\n            
animation: slideUp .65s ease both;\n    
    }\n\n        .slide-up.delay-1 {\n  
          animation-delay: .12s;\n      
  }\n\n        .slide-up.delay-2 {\n    
        animation-delay: .22s;\n        
}\n\n        @keyframes slideUp {\n     
       from {\n                opacity: 
0;\n                transform: 
translateY(18px);\n            }\n\n    
        to {\n                opacity: 
1;\n                transform: 
translateY(0);\n            }\n        
}\n\n        /* ---------- Footer 
---------- */\n        
footer.site-footer {\n            
background: #0f172a;\n            
color: rgba(255, 255, 255, 0.9);\n      
  }\n\n        footer.site-footer a {\n 
           color: rgba(255, 255, 255, 
0.85);\n        }\n\n        
footer.site-footer a:hover {\n          
  color: #fff;\n        }\n\n        /* 
---------- Messages ---------- */\n     
   .message-stack {\n            
z-index: 1020;\n        }\n\n        /* 
---------- Offcanvas ---------- */\n    
    .offcanvas .nav-link {\n            
font-weight: 600;\n            color: 
var(--dark-color);\n            
padding: .75rem 0;\n        }\n\n       
 /* ---------- Utilities ---------- 
*/\n        .rounded-4 {\n            
border-radius: 1rem !important;\n       
 }\n\n        @media (max-width: 
991.98px) {\n            
body:not(.is-home) main.site-main {\n   
             padding-top: 
calc(var(--navbar-height) + 12px);\n    
        }\n\n            body.is-home 
.hero-slide {\n                
min-height: 92vh;\n                
padding-top: calc(var(--navbar-height) 
+ 16px);\n            }\n\n            
body.is-home .hero-slide>.container {\n 
               min-height: calc(92vh - 
(var(--navbar-height) + 16px));\n       
     }\n        }\n    </style>\n    \n 
   \n<link rel="stylesheet" href="https:
//cdn.jsdelivr.net/npm/flatpickr/dist/fl
atpickr.min.css">\n<style>\n    /* Page 
header */\n    .page-hero-lite {\n      
  background: #fff;\n        border: 
1px solid rgba(15, 23, 42, 0.06);\n     
   border-radius: 1rem;\n        
box-shadow: 0 10px 28px rgba(43, 103, 
119, 0.06);\n        padding: 1rem 
1.1rem;\n    }\n\n    .hero-kicker {\n  
      display: inline-flex;\n        
align-items: center;\n        
background: rgba(43, 103, 119, 0.08);\n 
       color: var(--primary-color);\n   
     border: 1px solid rgba(43, 103, 
119, 0.12);\n        border-radius: 
999px;\n        padding: 0.35rem 
0.7rem;\n        font-size: 0.82rem;\n  
      font-weight: 700;\n        
margin-bottom: 0.55rem;\n    }\n\n    
.results-stat-card {\n        
background: #fbfdff;\n        border: 
1px solid rgba(43, 103, 119, 0.08);\n   
     border-radius: 0.95rem;\n        
padding: 0.8rem 0.95rem;\n        
min-width: 180px;\n        box-shadow: 
0 6px 16px rgba(43, 103, 119, 0.04);\n  
  }\n\n    /* Filter panel */\n    
.filter-panel-modern {\n        
background: #fff;\n        border: 1px 
solid rgba(15, 23, 42, 0.06);\n        
border-radius: 1rem;\n        
box-shadow: 0 10px 28px rgba(43, 103, 
119, 0.07);\n        padding: 1rem;\n   
 }\n\n    .filter-label {\n        
font-size: 0.84rem;\n        
font-weight: 700;\n        color: 
var(--primary-color);\n        
margin-bottom: 0.38rem;\n    }\n\n    
.filter-input-wrap {\n        position: 
relative;\n    }\n\n    .filter-icon 
{\n        position: absolute;\n        
left: 0.85rem;\n        top: 50%;\n     
   transform: translateY(-50%);\n       
 color: var(--text-muted);\n        
font-size: 0.95rem;\n        z-index: 
3;\n        pointer-events: none;\n    
}\n\n    .filter-control {\n        
min-height: 46px;\n        
border-radius: 0.85rem;\n        
border: 1px solid rgba(43, 103, 119, 
0.12);\n        background: #fff;\n     
   box-shadow: none;\n        
transition: all 0.2s ease;\n    }\n\n   
 .filter-control-with-icon {\n        
padding-left: 2.2rem;\n    }\n\n    
.filter-control::placeholder {\n        
color: #9aa3af;\n    }\n\n    
.filter-control:focus {\n        
border-color: rgba(43, 103, 119, 
0.35);\n        box-shadow: 0 0 0 
0.2rem rgba(43, 103, 119, 0.12);\n    
}\n\n    /* Active filter chips */\n    
.active-filters-row {\n        
background: transparent;\n    }\n\n    
.filter-chip {\n        display: 
inline-flex;\n        align-items: 
center;\n        gap: 0.35rem;\n        
background: #fff;\n        border: 1px 
solid rgba(15, 23, 42, 0.08);\n        
border-radius: 999px;\n        padding: 
0.45rem 0.7rem;\n        font-size: 
0.86rem;\n        color: 
var(--text-dark);\n        box-shadow: 
0 4px 12px rgba(0, 0, 0, 0.04);\n    
}\n\n    .filter-chip-close {\n        
width: 22px;\n        height: 22px;\n   
     display: inline-flex;\n        
align-items: center;\n        
justify-content: center;\n        
border-radius: 50%;\n        
text-decoration: none;\n        color: 
var(--text-muted);\n        transition: 
0.2s ease;\n    }\n\n    
.filter-chip-close:hover {\n        
background: rgba(239, 68, 68, 0.1);\n   
     color: #dc3545;\n    }\n\n    /* 
Cards */\n    .experience-card-modern 
{\n        border-radius: 1rem;\n       
 overflow: hidden;\n        border: 
none;\n        background: #fff;\n      
  box-shadow: 0 8px 22px rgba(43, 103, 
119, 0.06);\n        transition: 
transform 0.22s ease, box-shadow 0.22s 
ease;\n    }\n\n    
.experience-card-modern:hover {\n       
 transform: translateY(-5px);\n        
box-shadow: 0 16px 30px rgba(43, 103, 
119, 0.12);\n    }\n\n    
.experience-card-modern img {\n        
width: 100%;\n        height: 220px;\n  
      object-fit: cover;\n        
display: block;\n        transition: 
transform 0.35s ease;\n    }\n\n    
.experience-card-modern:hover img {\n   
     transform: scale(1.03);\n    }\n\n 
   .image-link {\n        display: 
block;\n        overflow: hidden;\n    
}\n\n    .category-badge {\n        
position: absolute;\n        top: 
0.85rem;\n        right: 0.85rem;\n     
   z-index: 3;\n        background: 
rgba(255, 255, 255, 0.94);\n        
color: var(--text-dark);\n        
border-radius: 999px;\n        padding: 
0.42rem 0.72rem;\n        font-weight: 
600;\n        box-shadow: 0 6px 16px 
rgba(0, 0, 0, 0.08);\n        border: 
1px solid rgba(15, 23, 42, 0.06);\n    
}\n\n    .featured-badge {\n        
position: absolute;\n        top: 
0.85rem;\n        left: 0.85rem;\n      
  z-index: 3;\n        background: 
rgba(242, 169, 0, 0.95);\n        
color: #212529;\n        border-radius: 
999px;\n        padding: 0.42rem 
0.72rem;\n        font-weight: 700;\n   
     box-shadow: 0 6px 16px rgba(242, 
169, 0, 0.28);\n    }\n\n    
.meta-location {\n        max-width: 
65%;\n    }\n\n    .listing-title {\n   
     line-height: 1.3;\n        
display: -webkit-box;\n        
-webkit-line-clamp: 2;\n        
line-clamp: 2;\n        
-webkit-box-orient: vertical;\n        
overflow: hidden;\n        min-height: 
2.6em;\n        color: 
var(--text-dark);\n    }\n\n    
.listing-title-link {\n        color: 
inherit;\n        transition: color 
0.2s ease;\n    }\n\n    
.listing-title-link:hover {\n        
color: var(--primary-color);\n    }\n\n 
   .listing-desc {\n        display: 
-webkit-box;\n        
-webkit-line-clamp: 3;\n        
line-clamp: 3;\n        
-webkit-box-orient: vertical;\n        
overflow: hidden;\n        min-height: 
3.8em;\n    }\n\n    .rating-pill {\n   
     color: #d89b00;\n        
font-weight: 700;\n        background: 
rgba(242, 169, 0, 0.12);\n        
border-radius: 999px;\n        padding: 
0.2rem 0.55rem;\n        white-space: 
nowrap;\n    }\n\n    /* Empty state 
*/\n    .empty-state {\n        
background: #fff;\n        border: 1px 
dashed rgba(43, 103, 119, 0.22);\n      
  border-radius: 1rem;\n        
box-shadow: 0 8px 24px rgba(43, 103, 
119, 0.05);\n    }\n\n    /* Pagination 
*/\n    .pagination .page-item {\n      
  margin: 0 2px;\n    }\n\n    
.pagination .page-link {\n        
border: none;\n        color: 
var(--text-dark);\n        background: 
#fff;\n        box-shadow: 0 4px 14px 
rgba(0, 0, 0, 0.05);\n        
transition: all 0.2s ease;\n    }\n\n   
 .pagination .page-link:hover {\n       
 color: var(--primary-color);\n        
transform: translateY(-2px);\n        
box-shadow: 0 8px 18px rgba(43, 103, 
119, 0.12);\n    }\n\n    
.page-circle,\n    .page-circle-active 
{\n        width: 42px;\n        
height: 42px;\n        border-radius: 
50% !important;\n        display: 
inline-flex !important;\n        
align-items: center;\n        
justify-content: center;\n        
font-weight: 600;\n    }\n\n    
.page-circle-active {\n        
background: var(--primary-color) 
!important;\n        color: #fff 
!important;\n        box-shadow: 0 8px 
18px rgba(43, 103, 119, 0.22) 
!important;\n    }\n\n    .page-pill 
{\n        border-radius: 999px 
!important;\n        padding: 0.6rem 
1rem !important;\n        font-weight: 
600;\n    }\n\n    /* Responsive */\n   
 @media (max-width: 1199.98px) {\n      
  .results-stat-card {\n            
min-width: 160px;\n        }\n    }\n\n 
   @media (max-width: 991.98px) {\n\n   
     .page-hero-lite,\n        
.filter-panel-modern {\n            
padding: 0.95rem;\n        }\n    }\n\n 
   @media (max-width: 767.98px) {\n     
   .hero-kicker {\n            
font-size: 0.78rem;\n        }\n\n      
  .results-stat-card {\n            
width: 100%;\n            min-width: 
0;\n        }\n\n        
.filter-panel-modern {\n            
padding: 0.9rem;\n        }\n\n        
.filter-control {\n            
min-height: 44px;\n            
border-radius: 0.75rem;\n        }\n\n  
      .category-badge,\n        
.featured-badge {\n            top: 
0.65rem;\n            padding: 0.34rem 
0.55rem;\n            font-size: 
0.75rem;\n        }\n\n        
.category-badge {\n            right: 
0.65rem;\n        }\n\n        
.featured-badge {\n            left: 
0.65rem;\n        }\n\n        
.experience-card-modern img {\n         
   height: 210px;\n        }\n\n        
.meta-location {\n            
max-width: 100%;\n        }\n\n        
.pagination .page-link.page-pill {\n    
        padding: 0.55rem 0.8rem 
!important;\n            font-size: 
0.9rem;\n        }\n    }\n\n    @media 
(max-width: 575.98px) {\n        
.page-hero-lite h1 {\n            
font-size: 1.55rem;\n        }\n\n      
  .experience-card-modern .card-body 
{\n            padding: 1rem 
!important;\n        }\n    
}\n</style>\n\n</head>\n\n\n\n<body 
class=" d-flex flex-column">\n\n    
<!-- NAVBAR -->\n    <nav 
id="mainNavbar"\n        class="navbar 
navbar-expand-lg fixed-top 
navbar-solid">\n        <div 
class="container">\n\n            <!-- 
Brand -->\n            <a 
class="navbar-brand" href="/">\n        
        <span 
class="brand-mark">S</span>\n           
     <span>Safar</span>\n            
</a>\n\n            <!-- Right-side 
quick actions on mobile -->\n           
 <div class="d-flex align-items-center 
gap-2 ms-auto d-lg-none">\n             
   \n                <a 
href="/accounts/login/"\n               
     class="btn btn-sm 
btn-outline-light rounded-pill px-3 
text-dark border-secondary-subtle">\n   
                 Login\n                
</a>\n                \n\n              
  <button class="navbar-toggler p-1" 
type="button" 
data-bs-toggle="offcanvas" 
data-bs-target="#mobileNav"\n           
         aria-controls="mobileNav" 
aria-label="Toggle navigation">\n       
             <span class="navbar-toggler
-custom"><span></span></span>\n         
       </button>\n            
</div>\n\n            <!-- Desktop nav 
-->\n            <div class="collapse 
navbar-collapse d-none d-lg-flex" 
id="navbarSupportedContent">\n          
      <ul class="navbar-nav mx-auto 
mb-2 mb-lg-0 align-items-lg-center">\n  
                  <li 
class="nav-item">\n                     
   <a class="nav-link " href="/">\n     
                       Home\n           
             </a>\n                    
</li>\n                    <li 
class="nav-item">\n                     
   <a class="nav-link active"\n         
                   
href="/experiences/">\n                 
           Experiences\n                
        </a>\n                    
</li>\n                    <li 
class="nav-item">\n                     
   <a class="nav-link "\n               
             href="/locations/">\n      
                      Destinations\n    
                    </a>\n              
      </li>\n                    <li 
class="nav-item">\n                     
   <a class="nav-link "\n               
             href="/categories/">\n     
                       Categories\n     
                   </a>\n               
     </li>\n                </ul>\n\n   
             <div class="d-flex 
align-items-center gap-2">\n            
        \n                    <a 
href="/accounts/login/" class="btn 
btn-outline-secondary rounded-pill 
px-4">\n                        Login\n 
                   </a>\n               
     <a href="/accounts/signup/" 
class="btn btn-accent navbar-cta">\n    
                    Sign Up\n           
         </a>\n                    \n   
             </div>\n            
</div>\n        </div>\n    </nav>\n\n  
  <!-- Mobile Offcanvas -->\n    <div 
class="offcanvas offcanvas-end" 
tabindex="-1" id="mobileNav" 
aria-labelledby="mobileNavLabel">\n     
   <div class="offcanvas-header 
border-bottom">\n            <h5 
class="offcanvas-title fw-bold" 
id="mobileNavLabel">\n                
<span class="brand-mark me-2">S</span> 
Safar\n            </h5>\n            
<button type="button" class="btn-close" 
data-bs-dismiss="offcanvas" 
aria-label="Close"></button>\n        
</div>\n\n        <div 
class="offcanvas-body d-flex 
flex-column">\n            <nav 
class="mb-4">\n                <a 
class="nav-link " href="/">\n           
         <i class="bi bi-house-door 
me-2"></i>Home\n                </a>\n  
              <a class="nav-link 
text-primary"\n                    
href="/experiences/">\n                 
   <i class="bi bi-compass 
me-2"></i>Experiences\n                
</a>\n                <a 
class="nav-link "\n                    
href="/locations/">\n                   
 <i class="bi bi-geo-alt 
me-2"></i>Destinations\n                
</a>\n                <a 
class="nav-link "\n                    
href="/categories/">\n                  
  <i class="bi bi-grid 
me-2"></i>Categories\n                
</a>\n            </nav>\n\n            
<div class="mt-auto border-top pt-3">\n 
               \n                <div 
class="d-grid gap-2">\n                 
   <a href="/accounts/login/" 
class="btn btn-outline-primary 
rounded-pill">Login</a>\n               
     <a href="/accounts/signup/" 
class="btn btn-accent 
rounded-pill">Create Account</a>\n      
          </div>\n                \n    
        </div>\n        </div>\n    
</div>\n\n    <!-- Main -->\n    <main 
class="site-main flex-grow-1">\n        
\n\n        \n<div class="container 
experiences-page" style="margin-top: 
100px; min-height: 80vh;">\n\n    <!-- 
Page Header -->\n    <div 
class="page-hero-lite mb-4">\n        
<div\n            class="d-flex 
flex-column flex-lg-row 
justify-content-between 
align-items-start align-items-lg-center 
gap-3">\n            <div>\n            
    <div class="hero-kicker">\n         
           <i class="bi bi-compass-fill 
me-2"></i>Explore Safar\n               
 </div>\n                <h1 
class="fw-bold section-heading 
mb-2">Curated Experiences</h1>\n        
        <p class="text-muted mb-0">\n   
                 Find the perfect 
adventure, stay, or local experience 
for your next trip.\n                
</p>\n            </div>\n\n            
\n        </div>\n    </div>\n\n    
<!-- Filter Panel -->\n    <div 
class="filter-panel-modern mb-4" 
id="filters">\n        <form 
id="experienceFilterForm" method="get" 
class="row g-3 align-items-end">\n\n    
        <!-- Location -->\n            
<div class="col-12 col-md-6 
col-xl-3">\n                <label 
for="location" class="form-label 
filter-label">Location</label>\n        
        <div 
class="filter-input-wrap">\n            
        <i class="bi bi-geo-alt 
filter-icon"></i>\n                    
<select class="form-select 
filter-control 
filter-control-with-icon" id="location" 
name="location"\n                       
 onchange="autoSubmitFilters()">\n      
                  <option value="">All 
Locations</option>\n                    
    \n                        <option 
value="kasol" >\n                       
     Kasol, Himachal Pradesh\n          
              </option>\n               
         \n                        
<option value="manali" >\n              
              Manali, Himachal 
Pradesh\n                        
</option>\n                        \n   
                     <option 
value="rishikesh" >\n                   
         Rishikesh, Uttarakhand\n       
                 </option>\n            
            \n                        
<option value="shimla" >\n              
              Shimla, Himachal 
Pradesh\n                        
</option>\n                        \n   
                     <option 
value="fdsf" >\n                        
    fdsf, Unknown\n                     
   </option>\n                        
\n                        <option 
value="sadd" >\n                        
    sadd, Unknown\n                     
   </option>\n                        
\n                    </select>\n       
         </div>\n            </div>\n\n 
           <!-- Category -->\n          
  <div class="col-12 col-md-6 
col-xl-3">\n                <label 
for="category" class="form-label 
filter-label">Category</label>\n        
        <div 
class="filter-input-wrap">\n            
        <i class="bi bi-grid-3x3-gap 
filter-icon"></i>\n                    
<select class="form-select 
filter-control 
filter-control-with-icon" id="category" 
name="category"\n                       
 onchange="autoSubmitFilters()">\n      
                  <option value="">All 
Categories</option>\n                   
     \n                        <option 
value="adventure" >\n                   
         Adventure\n                    
    </option>\n                        
\n                        <option 
value="spiritual" >\n                   
         Spiritual\n                    
    </option>\n                        
\n                        <option 
value="homestay" >\n                    
        Homestay\n                      
  </option>\n                        \n 
                       <option 
value="trek" >\n                        
    Trek\n                        
</option>\n                        \n   
                     <option 
value="wildlife" >\n                    
        Wildlife\n                      
  </option>\n                        \n 
                       <option 
value="cultural" >\n                    
        Cultural\n                      
  </option>\n                        \n 
                   </select>\n          
      </div>\n            </div>\n\n    
        <!-- Min Price -->\n            
<div class="col-6 col-md-4 col-xl-2">\n 
               <label for="min_price" 
class="form-label filter-label">Min 
Price</label>\n                <div 
class="filter-input-wrap">\n            
        <i class="bi bi-currency-rupee 
filter-icon"></i>\n                    
<input type="number" 
class="form-control filter-control 
filter-control-with-icon" 
id="min_price"\n                        
name="min_price" placeholder="Min" 
min="0" value="">\n                
</div>\n            </div>\n\n          
  <!-- Max Price -->\n            <div 
class="col-6 col-md-4 col-xl-2">\n      
          <label for="max_price" 
class="form-label filter-label">Max 
Price</label>\n                <div 
class="filter-input-wrap">\n            
        <i class="bi bi-currency-rupee 
filter-icon"></i>\n                    
<input type="number" 
class="form-control filter-control 
filter-control-with-icon" 
id="max_price"\n                        
name="max_price" placeholder="Max" 
min="0" value="">\n                
</div>\n            </div>\n\n          
  <!-- Start Date -->\n            <div 
class="col-6 col-md-4 col-xl-2">\n      
          <label for="start_date" 
class="form-label 
filter-label">Check-in</label>\n        
        <div 
class="filter-input-wrap">\n            
        <i class="bi bi-calendar-event 
filter-icon"></i>\n                    
<input type="text" class="form-control 
filter-control 
filter-control-with-icon" 
id="start_date"\n                       
 name="start_date" placeholder="Any 
dates" value="">\n                
</div>\n            </div>\n\n          
  <!-- End Date (Hidden but maintained 
for parity with detail page logic if 
needed, or purely cosmetic here) -->\n  
          <input type="hidden" 
id="end_date" name="end_date" 
value="">\n\n            <!-- Guests 
-->\n            <div class="col-6 
col-md-4 col-xl-2">\n                
<label for="guests" class="form-label 
filter-label">Guests</label>\n          
      <div class="filter-input-wrap">\n 
                   <i class="bi 
bi-people filter-icon"></i>\n           
         <input type="number" 
class="form-control filter-control 
filter-control-with-icon" id="guests"\n 
                       name="guests" 
placeholder="1 guest" min="1" 
value="">\n                </div>\n     
       </div>\n\n            <!-- Sort 
-->\n            <div class="col-12 
col-md-4 col-xl-2">\n                
<label for="sort" class="form-label 
filter-label">Sort By</label>\n         
       <div 
class="filter-input-wrap">\n            
        <i class="bi bi-funnel 
filter-icon"></i>\n                    
<select class="form-select 
filter-control 
filter-control-with-icon" id="sort" 
name="sort"\n                        
onchange="autoSubmitFilters()">\n       
                 \n                     
   <option value="recommended" >\n      
                      Recommended\n     
                   </option>\n          
              \n                        
<option value="newest" selected>\n      
                      Newest\n          
              </option>\n               
         \n                        
<option value="price_asc" >\n           
                 Price: Low to High\n   
                     </option>\n        
                \n                      
  <option value="price_desc" >\n        
                    Price: High to 
Low\n                        
</option>\n                        \n   
                     <option 
value="rating_desc" >\n                 
           Rating: High to Low\n        
                </option>\n             
           \n                        
<option value="reviews_desc" >\n        
                    Most Reviewed\n     
                   </option>\n          
              \n                    
</select>\n                </div>\n     
       </div>\n\n            <!-- 
Footer row inside panel -->\n           
 <div\n                class="col-12 
d-flex flex-column flex-md-row 
justify-content-between 
align-items-start align-items-md-center 
gap-2 pt-1">\n                <div 
class="small text-muted">\n             
       Filters apply automatically\n    
                <span class="mx-1">\xc3\
xa2\xe2\x82\xac\xc2\xa2</span>\n        
            No search button needed\n   
             </div>\n\n                
<div class="d-flex align-items-center 
gap-2">\n                    \n\n       
             <noscript>\n               
         <button type="submit" 
class="btn btn-sm btn-primary 
rounded-pill px-3">\n                   
         Apply Filters\n                
        </button>\n                    
</noscript>\n                </div>\n   
         </div>\n        </form>\n    
</div>\n\n    <!-- Active Filters -->\n 
   \n\n    <!-- Grid -->\n    <div 
class="row g-4 mb-5">\n        \n       
 <div class="col-12">\n            <div 
class="empty-state text-center py-5 
px-4">\n                <div 
class="mb-3">\n                    <i 
class="bi bi-search" style="font-size: 
2.25rem; color: var(--primary-color); 
opacity: 0.8;"></i>\n                
</div>\n                <h4 
class="fw-bold mb-2" style="color: 
var(--primary-color);">No experiences 
found</h4>\n                <p 
class="text-muted mb-3">Try changing 
your filters or explore all available 
experiences.</p>\n                <a 
href="/experiences/" class="btn 
btn-primary rounded-pill px-4">\n       
             View All Experiences\n     
           </a>\n            </div>\n   
     </div>\n        \n    </div>\n\n   
 <!-- Pagination -->\n    
\n</div>\n\n<!-- Auto-submit filter JS 
-->\n<script src="https://cdn.jsdelivr.n
et/npm/flatpickr"></script>\n<script>\n 
   (function () {\n        const form = 
document.getElementById("experienceFilte
rForm");\n        if (!form) 
return;\n\n        let debounceTimer = 
null;\n\n        function submitForm() 
{\n            const pageField = form.qu
erySelector(\'[name="page"]\');\n       
     if (pageField) 
pageField.remove();\n            \n     
       // Clean empty fields to keep 
URL uncluttered\n            const 
inputs = form.querySelectorAll(\'input, 
select\');\n            
inputs.forEach(input => {\n             
   if (!input.value) {\n                
    input.disabled = true; // disable 
right before submit so it\'s excluded 
from URL\n                }\n           
 });\n            form.submit();\n      
  }\n\n        window.autoSubmitFilters 
= function () {\n            
submitForm();\n        };\n\n        
const minPrice = 
document.getElementById("min_price");\n 
       const maxPrice = 
document.getElementById("max_price");\n 
       const guests = 
document.getElementById("guests");\n\n  
      [minPrice, maxPrice, 
guests].forEach(function (el) {\n       
     if (!el) return;\n\n            
el.addEventListener("input", function 
() {\n                
clearTimeout(debounceTimer);\n          
      debounceTimer = 
setTimeout(submitForm, 650);\n          
  });\n\n            
el.addEventListener("change", function 
() {\n                
clearTimeout(debounceTimer);\n          
      submitForm();\n            
});\n\n            
el.addEventListener("keydown", function 
(e) {\n                if (e.key === 
"Enter") {\n                    
e.preventDefault();\n                   
 clearTimeout(debounceTimer);\n         
           submitForm();\n              
  }\n            });\n        });\n     
   \n        // Datepicker setup\n      
  const startDateInput = document.getEle
mentById("start_date");\n        const 
endDateInput = 
document.getElementById("end_date"); // 
Hidden field to pass along end range if 
needed\n\n        if (startDateInput && 
typeof flatpickr !== "undefined") {\n   
         flatpickr(startDateInput, {\n  
              mode: "range",\n          
      dateFormat: "Y-m-d",\n            
    minDate: "today",\n                
altInput: true,\n                
altFormat: "M j", \n                
onChange: function(selectedDates, 
dateStr, instance) {\n                  
  if (selectedDates.length == 2) {\n    
                    // Extract dates 
from range string\n                     
   const dates = dateStr.split(" to 
");\n                        if 
(dates.length == 2) {\n                 
           startDateInput.value = 
dates[0];\n                            
if(endDateInput) endDateInput.value = 
dates[1];\n                            
submitForm();\n                        
}\n                    } else if 
(selectedDates.length == 1) {\n         
               // Single date 
selection\n                        
startDateInput.value = dateStr;\n       
                 if(endDateInput) 
endDateInput.value = "";\n              
          submitForm();\n               
     }\n                }\n            
});\n        }\n    
})();\n</script>\n\n    </main>\n\n    
<!-- Footer -->\n    <footer 
class="site-footer mt-auto py-5">\n     
   <div class="container">\n            
<div class="row g-4 
align-items-start">\n                
<div class="col-lg-4">\n                
    <div class="d-flex 
align-items-center gap-2 mb-3">\n       
                 <span 
class="brand-mark">S</span>\n           
             <h5 class="mb-0 fw-bold 
text-white">Safar</h5>\n                
    </div>\n                    <p 
class="mb-0 small text-white-50">\n     
                   Curated local travel 
experiences 
\xc3\xa2\xe2\x82\xac\xe2\x80\x9d 
homestays, adventures, and meaningful 
journeys.\n                    </p>\n   
             </div>\n\n                
<div class="col-6 col-lg-2">\n          
          <h6 class="fw-bold 
mb-3">Explore</h6>\n                    
<ul class="list-unstyled small mb-0">\n 
                       <li 
class="mb-2"><a href="/experiences/">Exp
eriences</a></li>\n                     
   <li class="mb-2"><a href="/locations/
">Destinations</a></li>\n               
         <li class="mb-2"><a href="/cate
gories/">Categories</a></li>\n          
          </ul>\n                
</div>\n\n                <div 
class="col-6 col-lg-2">\n               
     <h6 class="fw-bold 
mb-3">Account</h6>\n                    
<ul class="list-unstyled small mb-0">\n 
                       \n               
         <li class="mb-2"><a href="/acco
unts/login/">Login</a></li>\n           
             <li class="mb-2"><a 
href="/accounts/signup/">Sign 
Up</a></li>\n                        \n 
                   </ul>\n              
  </div>\n\n                <div 
class="col-lg-4">\n                    
<h6 class="fw-bold mb-3">Quick 
Note</h6>\n                    <p 
class="small text-white-50 mb-0">\n     
                   Safar is evolving 
\xc3\xa2\xe2\x82\xac\xe2\x80\x9d more 
destinations, categories, and host 
tools coming soon.\n                    
</p>\n                </div>\n          
  </div>\n\n            <hr 
class="border-secondary my-4">\n\n      
      <div\n                
class="d-flex flex-column flex-md-row 
justify-content-between 
align-items-center gap-2 small 
text-white-50">\n                
<div>\xc3\x82\xc2\xa9 2026 Safar. All 
rights reserved.</div>\n                
<div class="d-flex gap-3">\n            
        <span><i class="bi 
bi-shield-check me-1"></i>Secure 
Booking Flow</span>\n                   
 <span><i class="bi bi-geo-alt 
me-1"></i>Local-first Travel</span>\n   
             </div>\n            
</div>\n        </div>\n    
</footer>\n\n    \n\n    <!-- Bootstrap 
JS -->\n    <script src="https://cdn.jsd
elivr.net/npm/bootstrap@5.3.3/dist/js/bo
otstrap.bundle.min.js"></script>\n\n    
<!-- Navbar transparency/scroll 
behavior -->\n    <script>\n        
(function () {\n            const 
navbar = document.getElementById(\'mainN
avbar\');\n            if (!navbar) 
return;\n\n            const isHome = do
cument.body.classList.contains(\'is-home
\');\n\n            function 
setNavbarState() {\n                if 
(!isHome) {\n                    navbar.
classList.remove(\'navbar-home-top\');\n
                    navbar.classList.add
(\'navbar-solid\');\n                   
 return;\n                }\n\n         
       if (window.scrollY > 30) {\n     
               navbar.classList.remove(\
'navbar-home-top\');\n                  
  navbar.classList.add(\'navbar-solid\')
;\n                } else {\n           
         navbar.classList.add(\'navbar-h
ome-top\');\n                    navbar.
classList.remove(\'navbar-solid\');\n   
             }\n            }\n\n       
     setNavbarState();\n            
window.addEventListener(\'scroll\', 
setNavbarState, { passive: true });\n\n 
           // Close offcanvas after 
clicking a link (mobile)\n            
const offcanvasEl = document.getElementB
yId(\'mobileNav\');\n            if 
(offcanvasEl && window.bootstrap) {\n   
             const links = offcanvasEl.q
uerySelectorAll(\'a[href]\');\n         
       links.forEach(link => {\n        
            
link.addEventListener(\'click\', () => 
{\n                        const 
offcanvas = bootstrap.Offcanvas.getInsta
nce(offcanvasEl);\n                     
   if (offcanvas) offcanvas.hide();\n   
                 });\n                
});\n            }\n        })();\n    
</script>\n\n    \n\n    
\n</body>\n\n</html>\n'

----------------------------------------
------------------------------
Ran 7 tests in 12.488s

FAILED (failures=3, errors=2)
Destroying test database for alias 
'default'...

Found 7 test(s).
